planet1.cs.ucsb.edu
planet1.scs.cs.nyu.edu
planet2.scs.cs.nyu.edu
ricepl-1.cs.rice.edu
pl1.cs.utk.edu
pl2.cs.utk.edu
planetlab1.cs.ubc.ca
planetlab2.cs.ubc.ca
planetlab1.cs.umass.edu
planetlab2.cs.umass.edu
planetlab-1.it.uu.se
planetlab-2.it.uu.se
planetlab2.cs.wisc.edu
planet1.pittsburgh.intel-research.net
planet2.pittsburgh.intel-research.net
planetlab1.postel.org
planetlab01.cs.washington.edu
planetlab02.cs.washington.edu
planetlab03.cs.washington.edu
planetlab1.ucb-dsl.nodes.planet-lab.org
planetlab-1.cmcl.cs.cmu.edu
planetlab1.cs.unibo.it
planetlab2.cs.unibo.it
planet2.scs.stanford.edu
planetlab1.cs.duke.edu
planetlab2.cs.duke.edu
planetlab3.cs.duke.edu
planetlab1.csail.mit.edu
planetlab2.csres.utexas.edu
planetlab1.xeno.cl.cam.ac.uk
planetlab2.xeno.cl.cam.ac.uk
planetlab1.cs.ucla.edu
planetlab1.cs.cornell.edu
vn1.cs.wustl.edu
planetlab1.netlab.uky.edu
planetlab1.flux.utah.edu
planetlab2.flux.utah.edu
lefthand.eecs.harvard.edu
righthand.eecs.harvard.edu
planetlab3.csres.utexas.edu
planet.cc.gt.atl.ga.us
planetlab2.cis.upenn.edu
planetlab2.postel.org
ricepl-2.cs.rice.edu
ricepl-3.cs.rice.edu
planet2.cs.ucsb.edu
planetlab1.eecs.umich.edu
planetlab2.eecs.umich.edu
kupl2.ittc.ku.edu
planetlab1.cs.columbia.edu
planetlab3.cs.columbia.edu
vn2.cs.wustl.edu
planetlab3.nbgisp.com
planetlab2.cs.uiuc.edu
planetlab1.nbgisp.com
planetlab-1.cs.princeton.edu
planet1.ecse.rpi.edu
planet2.ecse.rpi.edu
planetlab1.iis.sinica.edu.tw
planetlab2.iis.sinica.edu.tw
planetlab1.cs.purdue.edu
pli1-pa-3.hpl.hp.com
planetlab1.cnds.jhu.edu
planetlab2.cnds.jhu.edu
pli2-pa-1.hpl.hp.com
planetlab2.cse.nd.edu
planetlab1.cse.nd.edu
planetlab1.gti-dsl.nodes.planet-lab.org
planet1.cs.huji.ac.il
planetlab1.pop-mg.rnp.br
planetlab2.cs.vu.nl
planetlab1.cs.vu.nl
node-1.mcgillplanetlab.org
planetlab2.tamu.edu
node-2.mcgillplanetlab.org
pli2-pa-2.hpl.hp.com
pli2-pa-3.hpl.hp.com
planetlab1.cs.uoregon.edu
planetlab2.cs.uoregon.edu
csplanetlab1.kaist.ac.kr
csplanetlab2.kaist.ac.kr
csplanetlab4.kaist.ac.kr
csplanetlab3.kaist.ac.kr
planetlab5.csail.mit.edu
planetlab7.csail.mit.edu
planetlab4.csail.mit.edu
planetlab2.ece.ucdavis.edu
ds-pl3.technion.ac.il
recall.snu.ac.kr
planetlab4.millennium.berkeley.edu
planetlab13.millennium.berkeley.edu
planetlab14.millennium.berkeley.edu
planetlab6.millennium.berkeley.edu
planetlab7.millennium.berkeley.edu
planetlab10.millennium.berkeley.edu
planetlab11.millennium.berkeley.edu
planetlab8.millennium.berkeley.edu
planetlab16.millennium.berkeley.edu
planetlab1.bgu.ac.il
grouse.hpl.hp.com
planetlab1.ls.fi.upm.es
planetlab1.ntu.nodes.planet-lab.org
planetlab2.ntu.nodes.planet-lab.org
planetslug1.cse.ucsc.edu
planetslug2.cse.ucsc.edu
planetslug3.cse.ucsc.edu
planet02.csc.ncsu.edu
planet03.csc.ncsu.edu
planet1.ottawa.canet4.nodes.planet-lab.org
planet2.ottawa.canet4.nodes.planet-lab.org
planet1.winnipeg.canet4.nodes.planet-lab.org
planetlab1.cs.dartmouth.edu
planetlab1.sics.se
planetlab2.sics.se
planetlab2.ls.fi.upm.es
peace.ri.uni-tuebingen.de
planetlab1.polito.it
planetlab2.cs.stevens-tech.edu
planetlab1.cs.stevens-tech.edu
planetlab2.polito.it
nodeb.howard.edu
planetlab1.ece.ucdavis.edu
planetlab2.isi.jhu.edu
planetlab1.isi.jhu.edu
nodea.howard.edu
ds-pl1.technion.ac.il
node1.lbnl.nodes.planet-lab.org
node2.lbnl.nodes.planet-lab.org
planetlab1.ewi.tudelft.nl
planetlab2.ewi.tudelft.nl
planetlab2.icu.ac.kr
planetlab3.millennium.berkeley.edu
planetlab1.millennium.berkeley.edu
planetlab2.millennium.berkeley.edu
planetlab2.mnlab.cti.depaul.edu
planetlab1.iiitb.ac.in
planetlab2.iiitb.ac.in
planet3.berkeley.intel-research.net
planet2.berkeley.intel-research.net
irabonnie.iralab.uni-karlsruhe.de
iraclyde.iralab.uni-karlsruhe.de
planetlab1.cs.uit.no
planetlab1.poly.edu
planetlab1.uc.edu
planetlab2.uc.edu
planet2.att.nodes.planet-lab.org
planet1.att.nodes.planet-lab.org
planetlab1.informatik.uni-kl.de
planetlab2.informatik.uni-kl.de
plnode01.cs.mu.oz.au
plnode02.cs.mu.oz.au
planetlab1.iitr.ernet.in
planetx.scs.cs.nyu.edu
planetlab2.pop-rs.rnp.br
planetlab2.informatik.uni-wuerzburg.de
planetlab-2.cs.princeton.edu
planet1.l3s.uni-hannover.de
planetlab1.eurecom.fr
planetlab2.ru.is
planetlab2.iitb.ac.in
hust1.6planetlab.edu.cn
hust2.6planetlab.edu.cn
buaa2.6planetlab.edu.cn
ustc2.6planetlab.edu.cn
ustc1.6planetlab.edu.cn
lzu2.6planetlab.edu.cn
xjtu2.6planetlab.edu.cn
tongji2.6planetlab.edu.cn
tongji1.6planetlab.edu.cn
sjtu2.6planetlab.edu.cn
planetlab1.iitb.ac.in
planetlab1.mnlab.cti.depaul.edu
planetlab-dsl-1.ucsd.edu
planetlab1.cs.unc.edu
thu1.6planetlab.edu.cn
thu2.6planetlab.edu.cn
planetlab2.iitr.ernet.in
planetlab1.hiit.fi
planetlab2.hiit.fi
planetlab2.een.orst.edu
planetlab1.een.orst.edu
planetlab1.georgetown.edu
planetlab2.georgetown.edu
planetlab1.unineuchatel.ch
planetlab2.unineuchatel.ch
planetlab-1.amst.nodes.planet-lab.org
planetlab-2.amst.nodes.planet-lab.org
planetlab-3.amst.nodes.planet-lab.org
planetlab-2.ece.iastate.edu
planetlab2.nbgisp.com
planet2.l3s.uni-hannover.de
cs-planetlab2.cs.surrey.sfu.ca
planetlab1.engr.uconn.edu
planetlab2.lkn.ei.tum.de
planetlab-4.ece.iastate.edu
ds-pl2.technion.ac.il
planetlab1.acis.ufl.edu
planetlab2.cs.pitt.edu
planetlab02.uncc.edu
planetlab.urv.net
planetlab2.urv.net
planetlab2.ie.cuhk.edu.hk
planetlab1.warsaw.rd.tp.pl
lsirextpc01.epfl.ch
lsirextpc02.epfl.ch
planetlab-1.ssvl.kth.se
planetlab1.informatik.uni-erlangen.de
planetlab-2.ssvl.kth.se
planetlab-01.naist.jp
planetlab-02.naist.jp
plab2.nec-labs.com
plab1.nec-labs.com
planetlab3-dsl.cs.cornell.edu
planetlab2.itwm.fhg.de
planetlab1.exp-math.uni-essen.de
planetlab2.exp-math.uni-essen.de
plgmu2.ite.gmu.edu
pl2.csl.utoronto.ca
pl1.csl.utoronto.ca
planetlab1.ukc.ac.uk
planetlab2.ukc.ac.uk
planet2.manchester.ac.uk
planet1.manchester.ac.uk
planetlab2.informatik.uni-erlangen.de
planetlab-8.cs.princeton.edu
planetlab-1.imperial.ac.uk
planetlab-2.imperial.ac.uk
planetlab-03.naist.jp
planetlab2.cs.uoi.gr
planet1.prakinf.tu-ilmenau.de
planetlab01.uncc.edu
planetlab1.byu.edu
planetlab2.byu.edu
planetlab01.mpi-sws.mpg.de
planetlab02.mpi-sws.mpg.de
planetlab03.mpi-sws.mpg.de
planetlab04.mpi-sws.mpg.de
planetlab05.mpi-sws.mpg.de
planetlab06.mpi-sws.mpg.de
planetlab01.erin.utoronto.ca
planetlab02.erin.utoronto.ca
pl1.ucs.indiana.edu
pl2.ucs.indiana.edu
planetlab-1.unk.edu
planetlab-2.unk.edu
planetlab01.cnds.unibe.ch
planetlab02.cnds.unibe.ch
planetlab2.engr.uconn.edu
planetlab1.elet.polimi.it
planetlab2.elet.polimi.it
planetlab1.cs.uoi.gr
orbpl2.rutgers.edu
planet-lab1.cs.ucr.edu
planet-lab2.cs.ucr.edu
planetlab1.csg.uzh.ch
planetlab1.informatik.uni-goettingen.de
planetlab2.informatik.uni-goettingen.de
planetlab-1.cse.ohio-state.edu
planetlab1.netmedia.gist.ac.kr
planetlab01.dis.unina.it
planetlab02.dis.unina.it
planetlab2.netmedia.gist.ac.kr
planetlab-1.cs.ucy.ac.cy
planetlab-2.cs.ucy.ac.cy
planetlab2.mnl.cs.sunysb.edu
planetlab3.mnl.cs.sunysb.edu
planetlab4.mnl.cs.sunysb.edu
host1.planetlab.informatik.tu-darmstadt.de
host2.planetlab.informatik.tu-darmstadt.de
host3.planetlab.informatik.tu-darmstadt.de
planetlab2.utep.edu
pl2-higashi.ics.es.osaka-u.ac.jp
pl1-higashi.ics.es.osaka-u.ac.jp
planetlab3.cs.uiuc.edu
salt.planetlab.cs.umd.edu
pepper.planetlab.cs.umd.edu
planetlab-01.ece.uprm.edu
planetlab-02.ece.uprm.edu
planetlab4.cs.uiuc.edu
planetlab1.cse.msu.edu
pl-1.hip.fi
planetlab02.cs.tcd.ie
planet0.jaist.ac.jp
planet1.jaist.ac.jp
planetlab2.cse.msu.edu
planet4.berkeley.intel-research.net
planet5.berkeley.intel-research.net
planet6.berkeley.intel-research.net
sanfrancisco.planetlab.pch.net
server1.planetlab.iit-tech.net
server2.planetlab.iit-tech.net
planetlab1.nrl.dcs.qmul.ac.uk
planetlab-1.usask.ca
planetlab2.ci.pwr.wroc.pl
planet01.hhi.fraunhofer.de
planet02.hhi.fraunhofer.de
planetlab1.ci.pwr.wroc.pl
planetlab2.larc.usp.br
planetlab-1.vuse.vanderbilt.edu
planetlab-2.vuse.vanderbilt.edu
planetlab2.eecs.wsu.edu
plab1.eece.ksu.edu
plab2.eece.ksu.edu
planetlab-2.dis.uniroma1.it
node2.planetlab.uprr.pr
planetlab1.fem.tu-ilmenau.de
edi.tkn.tu-berlin.de
plab1-itec.uni-klu.ac.at
plab2-itec.uni-klu.ac.at
pl1.unm.edu
pl2.unm.edu
planet1.inf.tu-dresden.de
planetlab1.itwm.fhg.de
planetlab1.cesnet.cz
planetlab04.cs.washington.edu
planetlab2.cesnet.cz
kc-sce-plab1.umkc.edu
kc-sce-plab2.umkc.edu
planetlab-1.di.fc.ul.pt
planetlab-2.di.fc.ul.pt
planetlab1.ucsd.edu
planetlab2.ucsd.edu
planetlab3.ucsd.edu
planetlab2.esi.ucm.es
planck227.test.ibbt.be
planck228.test.ibbt.be
planetlab1.seu.edu.cn
planetlab2.seu.edu.cn
plab1.engr.sjsu.edu
planet2.cc.gt.atl.ga.us
planet3.cc.gt.atl.ga.us
planetlab0.otemachi.wide.ad.jp
planetlab1.otemachi.wide.ad.jp
planetlab0.dojima.wide.ad.jp
planetlab1.dojima.wide.ad.jp
planetlab1.singaren.net.sg
planetlab2.singaren.net.sg
planetlab3.singaren.net.sg
seu1.6planetlab.edu.cn
seu2.6planetlab.edu.cn
planetlab-01.kyushu.jgn2.jp
sdu2.6planetlab.edu.cn
planetlab-1.tagus.ist.utl.pt
planetlab-2.tagus.ist.utl.pt
75-130-96-12.static.oxfr.ma.charter.com
75-130-96-13.static.oxfr.ma.charter.com
planetvs1.informatik.uni-stuttgart.de
planet1.zib.de
planetvs2.informatik.uni-stuttgart.de
plab1-c703.uibk.ac.at
plab2-c703.uibk.ac.at
planetlab4.cs.duke.edu
planetlab5.cs.duke.edu
planetlab5.cs.cornell.edu
planetlab6.cs.cornell.edu
planetlab5.ie.cuhk.edu.hk
planetlab2.muraoka.info.waseda.ac.jp
planetlab-1.fokus.fraunhofer.de
planetlab1.fct.ualg.pt
planetlab2.fct.ualg.pt
adam.ee.ntu.edu.tw
planetlab-1.cs.uh.edu
planetlab-2.cs.uh.edu
planetlab1.fri.uni-lj.si
planetlab2.fri.uni-lj.si
planetlab-04.naist.jp
planetlab1.fit.vutbr.cz
planetlab1.inf.ethz.ch
planetlab2.inf.ethz.ch
planetlab1.di.unito.it
planetlab3.mini.pw.edu.pl
planetlab4.mini.pw.edu.pl
planetlab-2.rml.ryerson.ca
planetlab1.tmit.bme.hu
planetlab5.flux.utah.edu
planetlab1.tlm.unavarra.es
planetlab2.tlm.unavarra.es
dannan.disy.inf.uni-konstanz.de
chronos.disy.inf.uni-konstanz.de
planetlab2.tmit.bme.hu
pub2-s.ane.cmc.osaka-u.ac.jp
planetlab2.di.unito.it
jerry.cc.vt.edu
bob.cc.vt.edu
peeramidion.irisa.fr
peeramide.irisa.fr
planetlab3.inf.ethz.ch
planetlab4.inf.ethz.ch
plab201.wiai.uni-bamberg.de
planetdev02.fm.intel.com
planetdev01.fm.intel.com
planetlab1.arizona-gigapop.net
planetlab2.arizona-gigapop.net
planetlab2-santiago.lan.redclara.net
planetlab1-saopaulo.lan.redclara.net
planetlab2-saopaulo.lan.redclara.net
planetlab1-buenosaires.lan.redclara.net
planetlab2-buenosaires.lan.redclara.net
planetlab1-tijuana.lan.redclara.net
planetlab2-tijuana.lan.redclara.net
pl1snu.koren21.net
planetlabnode-1.docomolabs-usa.com
planetlabnode-2.docomolabs-usa.com
planetlab1.cosc.canterbury.ac.nz
planetlab2.cosc.canterbury.ac.nz
onelab01.dis.unina.it
planetlab-europe-01.ipv6.lip6.fr
planetlab-europe-02.ipv6.lip6.fr
onelab01.inria.fr
onelab03.inria.fr
onelab02.inria.fr
pl4.unm.edu
plab-1.sinp.msu.ru
plab-2.sinp.msu.ru
uestc1.6planetlab.edu.cn
onelab2.warsaw.rd.tp.pl
onelab1.info.ucl.ac.be
planetlab-01.bu.edu
146-179.surfsnel.dsl.internl.net
147-179.surfsnel.dsl.internl.net
planetlab-02.bu.edu
planetlab1.ani.univie.ac.at
pl1.grid.kiae.ru
pl2.grid.kiae.ru
planetlab1lannion.elibel.tm.fr
planetlab1.eecs.jacobs-university.de
planetlab2.eecs.jacobs-university.de
planetdev04.fm.intel.com
planetdev05.fm.intel.com
planetlab1.eecs.ucf.edu
planetlab2.eecs.ucf.edu
planetlab1.cslab.ece.ntua.gr
planetlab1.it.uc3m.es
planetlab1.wiwi.hu-berlin.de
onelab3.warsaw.rd.tp.pl
planetlab1.williams.edu
planetlab2.williams.edu
planetlab3.williams.edu
planetlab2.it.uc3m.es
sv02-h010.utt.fr
sv01-h010.utt.fr
pl1.planetlab.ics.tut.ac.jp
pl2.planetlab.ics.tut.ac.jp
planetlab01.sys.virginia.edu
planetlab02.sys.virginia.edu
bupt1.6planetlab.edu.cn
planetlab1.ics.forth.gr
planetlab1.comp.nus.edu.sg
planetlab2.comp.nus.edu.sg
planetlab3.upc.es
planetlab2.upc.es
planetlab1.upc.es
planetlabone.ccs.neu.edu
planetlabtwo.ccs.neu.edu
planetlab1.science.unitn.it
planetlab2.science.unitn.it
